Testing DB Queries...
1. Total Volume
node.exe : FAILED:
At line:1 char:1
+ & "C:\Program Files\nodejs/node.exe" "C:\Users\qurai\AppData\Roaming\ ...
+ ~~~~~~~~~~~~~~~~~~~~~~~~~~~~~~~~~~~~~~~~~~~~~~~~~~~~~~~~~~~~~~~~~~~~~
    + CategoryInfo          : NotSpecified: (FAILED::String) [], RemoteException
    + FullyQualifiedErrorId : NativeCommandError
 
DrizzleQueryError: Failed query: select SUM(CAST("chargeable_weight" AS NUMERIC)) from "awbs"
params: 
    at NeonPreparedQuery.queryWithCache 
(C:\Users\qurai\.gemini\antigravity\scratch\ambara-web-new\node_modules\src\pg-core\session.ts:73:11)
    at async NeonPreparedQuery.execute 
(C:\Users\qurai\.gemini\antigravity\scratch\ambara-web-new\node_modules\src\neon-serverless\session.ts:152:18)
    at async test (C:\Users\qurai\.gemini\antigravity\scratch\ambara-web-new\test-db.ts:14:33) {
  query: 'select SUM(CAST("chargeable_weight" AS NUMERIC)) from "awbs"',
  params: [],
  cause: Error: No database host or connection string was set, and key parameters have default values (host: 
localhost, user: qurai, db: qurai, password: null). Is an environment variable missing? Alternatively, if you intended 
to connect with these parameters, please set the host to 'localhost' explicitly.
      at Un.connect 
(C:\Users\qurai\.gemini\antigravity\scratch\ambara-web-new\node_modules\@neondatabase\serverless\index.js:1318:50)
      at Dn.newClient 
(C:\Users\qurai\.gemini\antigravity\scratch\ambara-web-new\node_modules\@neondatabase\serverless\index.js:1117:85)
      at Dn.connect 
(C:\Users\qurai\.gemini\antigravity\scratch\ambara-web-new\node_modules\@neondatabase\serverless\index.js:1114:1)
      at Dn.query 
(C:\Users\qurai\.gemini\antigravity\scratch\ambara-web-new\node_modules\@neondatabase\serverless\index.js:1138:1)
      at Dn.query 
(C:\Users\qurai\.gemini\antigravity\scratch\ambara-web-new\node_modules\@neondatabase\serverless\index.js:1354:96)
      at <anonymous> 
(C:\Users\qurai\.gemini\antigravity\scratch\ambara-web-new\node_modules\src\neon-serverless\session.ts:153:24)
      at NeonPreparedQuery.queryWithCache 
(C:\Users\qurai\.gemini\antigravity\scratch\ambara-web-new\node_modules\src\pg-core\session.ts:71:18)
      at NeonPreparedQuery.execute 
(C:\Users\qurai\.gemini\antigravity\scratch\ambara-web-new\node_modules\src\neon-serverless\session.ts:152:29)
      at <anonymous> 
(C:\Users\qurai\.gemini\antigravity\scratch\ambara-web-new\node_modules\src\pg-core\query-builders\select.ts:1120:27)
      at Object.startActiveSpan 
(C:\Users\qurai\.gemini\antigravity\scratch\ambara-web-new\node_modules\src\tracing.ts:27:11)
}
